DIST1(config-std-nacl)#exit
DIST1(config)#line vty 0 4
DIST1(config-line)# access-class MGMT_ADMIN in
DIST1(config-line)#exit
DIST1(config)#interface Vlan99
DIST1(config-if)# ipv6 address 2001:db8:99::2/64
DIST1(config-if)# ipv6 enable
DIST1(config-if)# standby 1 ip 192.168.99.1
DIST1(config-if)# standby 1 priority 110
DIST1(config-if)# standby 1 preempt
DIST1(config-if)#end
DIST1#write memory
*Feb 28 19:18:52.887: %SYS-5-CONFIG_I: Configured from console by console
DIST1#write memory
Building configuration...
Compressed configuration from 2263 bytes to 1311 bytes[OK]
DIST1#
*Feb 28 19:18:56.395: %AMDP2_FE-6-EXCESSCOLL: Ethernet1/3 TDR=0, TRC=0
DIST1#
*Feb 28 19:19:16.052: %HSRP-5-STATECHANGE: Vlan99 Grp 1 state Standby -> Active
DIST1#
DIST2>en
DIST2#configure terminal
Enter configuration commands, one per line.  End with CNTL/Z.
DIST2(config)#ipv6 unicast-routing
DIST2(config)#lldp run
               ^
% Invalid input detected at '^' marker.

DIST2(config)#snmp-server community public RO
DIST2(config)#logging buffered 16384
DIST2(config)#aaa new-model
DIST2(config)#aaa authentication login default local
DIST2(config)#aaa authorization exec default local
DIST2(config)#username admin privilege 15 secret cisco
DIST2(config)#interface Vlan99
DIST2(config-if)# ipv6 address 2001:db8:99::3/64
DIST2(config-if)# ipv6 enable
DIST2(config-if)# standby 1 ip 192.168.99.1
DIST2(config-if)# standby 1 priority 100
DIST2(config-if)# standby 1 preempt
DIST2(config-if)#end
DIST2#write memory
*Feb 28 19:19:09.317: %SYS-5-CONFIG_I: Configured from console by console
DIST2#write memory
Building configuration...
Compressed configuration from 2045 bytes to 1216 bytes[OK]
DIST2#
ISP#term len 0
ISP#show version
Cisco IOS Software, IOSv Software (VIOS-ADVENTERPRISEK9-M), Version 15.6(2)T, RELEASE SOFTWARE (fc2)
Technical Support: http://www.cisco.com/techsupport
Copyright (c) 1986-2016 by Cisco Systems, Inc.
Compiled Tue 22-Mar-16 16:19 by prod_rel_team


ROM: Bootstrap program is IOSv

ISP uptime is 1 hour, 31 minutes
System returned to ROM by reload
System image file is "flash0:/vios-adventerprisek9-m"
Last reload reason: Unknown reason



This product contains cryptographic features and is subject to United
States and local country laws governing import, export, transfer and
use. Delivery of Cisco cryptographic products does not imply
third-party authority to import, export, distribute or use encryption.
Importers, exporters, distributors and users are responsible for
compliance with U.S. and local country laws. By using this product you
agree to comply with applicable laws and regulations. If you are unable
to comply with U.S. and local laws, return this product immediately.

A summary of U.S. laws governing Cisco cryptographic products may be found at:
http://www.cisco.com/wwl/export/crypto/tool/stqrg.html

If you require further assistance please contact us by sending email to
export@cisco.com.

Cisco IOSv (revision 1.0) with  with 984321K/62464K bytes of memory.
Processor board ID 9QFLZCZ2DMZSSVVN1NYBA
4 Gigabit Ethernet interfaces
DRAM configuration is 72 bits wide with parity disabled.
256K bytes of non-volatile configuration memory.
2097152K bytes of ATA System CompactFlash 0 (Read/Write)
0K bytes of ATA CompactFlash 1 (Read/Write)
0K bytes of ATA CompactFlash 2 (Read/Write)
0K bytes of ATA CompactFlash 3 (Read/Write)



Configuration register is 0x0

ISP#show running-config
Building configuration...

Current configuration : 3113 bytes
!
version 15.6
service timestamps debug datetime msec
service timestamps log datetime msec
no service password-encryption
!
hostname ISP
!
boot-start-marker
boot-end-marker
!
!
!
no aaa new-model
ethernet lmi ce
!
!
!
mmi polling-interval 60
no mmi auto-configure
no mmi pvc
mmi snmp-timeout 180
!
!
!
!
!
!
!
!
!
!
!
ip cef
no ipv6 cef
!
multilink bundle-name authenticated
!
!
!
!
!
redundancy
!
!
!
!
!
!
!
!
!
!
!
!
!
!
!
interface Loopback0
 description INTERNET-SIMULATION
 ip address 8.8.8.8 255.255.255.255
!
interface GigabitEthernet0/0
 description LINK-TO-EDGE
 ip address 203.0.113.1 255.255.255.252
 duplex auto
 speed auto
 media-type rj45
!
interface GigabitEthernet0/1
 no ip address
 shutdown
 duplex auto
 speed auto
 media-type rj45
!
interface GigabitEthernet0/2
 no ip address
 shutdown
 duplex auto
 speed auto
 media-type rj45
!
interface GigabitEthernet0/3
 no ip address
 shutdown
 duplex auto
 speed auto
 media-type rj45
!
router bgp 65000
 bgp log-neighbor-changes
 network 8.8.8.8 mask 255.255.255.255
 neighbor 203.0.113.2 remote-as 65001
!
ip forward-protocol nd
!
!
no ip http server
no ip http secure-server
!
!
!
!
control-plane
!
banner exec ^C
**************************************************************************
* IOSv is strictly limited to use for evaluation, demonstration and IOS  *
* education. IOSv is provided as-is and is not supported by Cisco's      *
* Technical Advisory Center. Any use or disclosure, in whole or in part, *
* of the IOSv Software or Documentation to any third party for any       *
* purposes is expressly prohibited except as otherwise authorized by     *
* Cisco in writing.                                                      *
**************************************************************************^C
banner incoming ^C
**************************************************************************
* IOSv is strictly limited to use for evaluation, demonstration and IOS  *
* education. IOSv is provided as-is and is not supported by Cisco's      *
* Technical Advisory Center. Any use or disclosure, in whole or in part, *
* of the IOSv Software or Documentation to any third party for any       *
* purposes is expressly prohibited except as otherwise authorized by     *
* Cisco in writing.                                                      *
**************************************************************************^C
banner login ^C
**************************************************************************
* IOSv is strictly limited to use for evaluation, demonstration and IOS  *
* education. IOSv is provided as-is and is not supported by Cisco's      *
* Technical Advisory Center. Any use or disclosure, in whole or in part, *
* of the IOSv Software or Documentation to any third party for any       *
* purposes is expressly prohibited except as otherwise authorized by     *
* Cisco in writing.                                                      *
**************************************************************************^C
!
line con 0
line aux 0
line vty 0 4
 login
 transport input none
!
no scheduler allocate
!
end

ISP#show processes cpu sorted
CPU utilization for five seconds: 1%/0%; one minute: 0%; five minutes: 0%
 PID Runtime(ms)     Invoked      uSecs   5Sec   1Min   5Min TTY Process
 121        1367         125      10936  0.79%  0.06%  0.01%   0 Exec           
 281        3173       85036         37  0.31%  0.07%  0.06%   0 MMA DP TIMER   
  84        3488       54377         64  0.15%  0.06%  0.06%   0 IOSv e1000     
  96        1703       54377         31  0.15%  0.03%  0.02%   0 IOSv in console
   5        1840         759       2424  0.15%  0.02%  0.00%   0 Check heaps    
 247         149       10658         13  0.07%  0.00%  0.00%   0 CCE DP URLF cach
 195         316        5457         57  0.07%  0.00%  0.00%   0 RUDPV1 Main Proc
  82        2011        5468        367  0.07%  0.12%  0.11%   0 Per-Second Jobs
  54         235        2865         82  0.07%  0.00%  0.00%   0 Net Background 
   9           0          54          0  0.00%  0.00%  0.00%   0 WATCH_AFS      
   8           2           2       1000  0.00%  0.00%  0.00%   0 Timers         
  10           0           1          0  0.00%  0.00%  0.00%   0 Crash writer   
  11           0           1          0  0.00%  0.00%  0.00%   0 Exception contro
  14           1           1       1000  0.00%  0.00%  0.00%   0 IPC Session Serv
  12           7        1094          6  0.00%  0.00%  0.00%   0 IPC Event Notifi
  16          86        5336         16  0.00%  0.00%  0.00%   0 IPC Periodic Tim
  13           0          92          0  0.00%  0.00%  0.00%   0 IPC Dynamic Cach
  18           0           1          0  0.00%  0.00%  0.00%   0 IPC Process leve
  15           0           1          0  0.00%  0.00%  0.00%   0 IPC Zone Manager
  20           1         313          3  0.00%  0.00%  0.00%   0 IPC Check Queue
  21           0           1          0  0.00%  0.00%  0.00%   0 IPC Seat RX Cont
  22           0           1          0  0.00%  0.00%  0.00%   0 IPC Seat TX Cont
  23           7         548         12  0.00%  0.00%  0.00%   0 IPC Keep Alive M
  17          66        5336         12  0.00%  0.00%  0.00%   0 IPC Deferred Por
   6         172         183        939  0.00%  0.00%  0.00%   0 Pool Manager   
  26           6          10        600  0.00%  0.00%  0.00%   0 ARP Input      
   4           0           1          0  0.00%  0.00%  0.00%   0 RO Notify Timers
  19           1           1       1000  0.00%  0.00%  0.00%   0 IPC Seat Manager
  29           1           1       1000  0.00%  0.00%  0.00%   0 ATM ASYNC PROC 
  30           0           1          0  0.00%  0.00%  0.00%   0 CEF MIB API    
   7           0           1          0  0.00%  0.00%  0.00%   0 DiscardQ Backgro
  32           0           1          0  0.00%  0.00%  0.00%   0 Policy Manager 
  33           0           2          0  0.00%  0.00%  0.00%   0 DDR Timers     
  34           1           2        500  0.00%  0.00%  0.00%   0 Entity MIB API 
   3         508        5743         88  0.00%  0.00%  0.00%   0 BGP Router     
  36           1           2        500  0.00%  0.00%  0.00%   0 Serial Backgroun
  37           1           1       1000  0.00%  0.00%  0.00%   0 RMI RM Notify Wa
  38          10           1      10000  0.00%  0.00%  0.00%   0 RF SCTPthread  
  39           0           1          0  0.00%  0.00%  0.00%   0 CHKPT RG SCTPthr
  40          45        5465          8  0.00%  0.00%  0.00%   0 GraphIt        
  24          20        1094         18  0.00%  0.00%  0.00%   0 IPC Loadometer 
  28           0           2          0  0.00%  0.00%  0.00%   0 ATM Idle Timer 
  43           1           2        500  0.00%  0.00%  0.00%   0 XML Proxy Client
  44           1           5        200  0.00%  0.00%  0.00%   0 crypto sw pk pro
   2          61        1094         55  0.00%  0.00%  0.00%   0 Load Meter     
  46           0           1          0  0.00%  0.00%  0.00%   0 dev_device_inser
  47           0           1          0  0.00%  0.00%  0.00%   0 dev_device_remov
  25           0           1          0  0.00%  0.00%  0.00%   0 IPC Session Deta
  27         283        5704         49  0.00%  0.00%  0.00%   0 ARP Background 
  50           1           1       1000  0.00%  0.00%  0.00%   0 Async write proc
  51           0           1          0  0.00%  0.00%  0.00%   0 Async write proc
  52          24          92        260  0.00%  0.00%  0.00%   0 DFS flush period
  53           1           1       1000  0.00%  0.00%  0.00%   0 Critical Bkgnd 
   1           1           7        142  0.00%  0.00%  0.00%   0 Chunk Manager  
  55           0           2          0  0.00%  0.00%  0.00%   0 IDB Work       
  56          63         337        186  0.00%  0.00%  0.00%   0 Logger         
  57        5599        5453       1026  0.00%  0.00%  0.11%   0 TTY Background 
  58           1           2        500  0.00%  0.00%  0.00%   0 CTS CORE       
  59           1           3        333  0.00%  0.00%  0.00%   0 SXP CORE       
  60           7          12        583  0.00%  0.00%  0.00%   0 RF Slave Main Th
  31           0           1          0  0.00%  0.00%  0.00%   0 AAA_SERVER_DEADT
  35           1           3        333  0.00%  0.00%  0.00%   0 PrstVbl        
  63           0           2          0  0.00%  0.00%  0.00%   0 cpf_msg_holdq_pr
  64           0           1          0  0.00%  0.00%  0.00%   0 cpf_msg_rcvq_pro
  65           0           1          0  0.00%  0.00%  0.00%   0 cpf_process_tpQ
  66           1           1       1000  0.00%  0.00%  0.00%   0 CHKPT Test clien
  67           0           1          0  0.00%  0.00%  0.00%   0 CHKPT Test clien
  68           0           1          0  0.00%  0.00%  0.00%   0 CHKPT Test clien
  69           0           1          0  0.00%  0.00%  0.00%   0 CHKPT Test clien
  41           0           2          0  0.00%  0.00%  0.00%   0 Dialer event   
  71           0           1          0  0.00%  0.00%  0.00%   0 CHKPT Test clien
  72           0           1          0  0.00%  0.00%  0.00%   0 CHKPT Test clien
  73           1           1       1000  0.00%  0.00%  0.00%   0 CHKPT Test clien
  74           0           1          0  0.00%  0.00%  0.00%   0 CHKPT Test clien
  75           0           1          0  0.00%  0.00%  0.00%   0 CHKPT Test clien
  76           0           1          0  0.00%  0.00%  0.00%   0 CHKPT Test clien
  77           5          12        416  0.00%  0.00%  0.00%   0 RF Master Main T
  78           1           7        142  0.00%  0.00%  0.00%   0 RF Master Status
  79          13          86        151  0.00%  0.00%  0.00%   0 Net Input      
  80          44        1095         40  0.00%  0.00%  0.00%   0 Compute load avg
  81         345         274       1259  0.00%  0.00%  0.00%   0 Per-minute Jobs
  42           0           1          0  0.00%  0.00%  0.00%   0 SERIAL A'detect
  83           4         141         28  0.00%  0.00%  0.00%   0 Transport Port A
  45           1           1       1000  0.00%  0.00%  0.00%   0 Inode Table Dest
  85           0           1          0  0.00%  0.00%  0.00%   0 RF_INTERDEV_DELA
  86           0           1          0  0.00%  0.00%  0.00%   0 RF_INTERDEV_SCTP
  87           1           2        500  0.00%  0.00%  0.00%   0 BMA Background 
  88           0           2          0  0.00%  0.00%  0.00%   0 VMI Background 
  89           3           4        750  0.00%  0.00%  0.00%   0 EEM ED Identity
  48          71        5330         13  0.00%  0.00%  0.00%   0 BGP Scheduler  
  91           0           1          0  0.00%  0.00%  0.00%   0 Src Fltr backgro
  92           1           1       1000  0.00%  0.00%  0.00%   0 ETH_PLAT_SW_THRE
  93           0           1          0  0.00%  0.00%  0.00%   0 CF_INTERDEV_SCTP
  94           9        1094          8  0.00%  0.00%  0.00%   0 Rate limit load
  95           0           2          0  0.00%  0.00%  0.00%   0 IOSv out console
  49           0           1          0  0.00%  0.00%  0.00%   0 Async write proc
  61           1           3        333  0.00%  0.00%  0.00%   0 IF-MGR control p
  98           1           2        500  0.00%  0.00%  0.00%   0 Ethernet CFM IOU
  99         351        5459         64  0.00%  0.00%  0.00%   0 mDNS           
 100       11541         639      18061  0.00%  0.00%  0.23%   0 BGP I/O        
 101           0         183          0  0.00%  0.00%  0.00%   0 Bridge-domain MA
 102         368        5458         67  0.00%  0.00%  0.00%   0 FHRP Main thread
 103           0           1          0  0.00%  0.00%  0.00%   0 VRRP Main thread
 104        3155       85038         37  0.00%  0.07%  0.05%   0 VRRS Main thread
 105           0           2          0  0.00%  0.00%  0.00%   0 RG Faults Timer
 106           0           2          0  0.00%  0.00%  0.00%   0 RG Protocol Time
 107           0           2          0  0.00%  0.00%  0.00%   0 RG Transport Tim
 108           0           1          0  0.00%  0.00%  0.00%   0 RG VP          
 109           0           2          0  0.00%  0.00%  0.00%   0 RG AR          
 110           1           2        500  0.00%  0.00%  0.00%   0 IP NAT HA BGND P
 111           0           1          0  0.00%  0.00%  0.00%   0 EAP Framework  
 112           1           2        500  0.00%  0.00%  0.00%   0 Dot1x Mgr Proces
 113           1           2        500  0.00%  0.00%  0.00%   0 Auth Manager   
 114           0           1          0  0.00%  0.00%  0.00%   0 AUTH POLICY Fram
 115           0           2          0  0.00%  0.00%  0.00%   0 IP Host Track Pr
 116           0           2          0  0.00%  0.00%  0.00%   0 AAA Server     
 117           0           1          0  0.00%  0.00%  0.00%   0 AAA ACCT Proc  
 118           0           1          0  0.00%  0.00%  0.00%   0 ACCT Periodic Pr
 119           0           1          0  0.00%  0.00%  0.00%   0 AAA System Acct
 120         199         715        278  0.00%  0.00%  0.00%   0 CDP Protocol   
  62           3           9        333  0.00%  0.00%  0.00%   0 IF-MGR event pro
 122           3          16        187  0.00%  0.00%  0.00%   0 BGP Task       
  70           0           1          0  0.00%  0.00%  0.00%   0 CHKPT Test clien
 124           2           2       1000  0.00%  0.00%  0.00%   0 Ethernet OAM Pro
 125           0           2          0  0.00%  0.00%  0.00%   0 Ethernet LMI   
 126           0           2          0  0.00%  0.00%  0.00%   0 CEF switching ba
 127           1           1       1000  0.00%  0.00%  0.00%   0 ADJ NSF process
 128           0           1          0  0.00%  0.00%  0.00%   0 TRACK Main threa
 129           1           1       1000  0.00%  0.00%  0.00%   0 TRACK Client thr
 130           0           2          0  0.00%  0.00%  0.00%   0 ATM OAM Input  
 131           2           2       1000  0.00%  0.00%  0.00%   0 ATM OAM TIMER  
 132           1           2        500  0.00%  0.00%  0.00%   0 IPAM/ODAP Events
 133        1382      169400          8  0.00%  0.01%  0.00%   0 IPAM Manager   
 134           0           2          0  0.00%  0.00%  0.00%   0 IPAM Events    
 135           2           2       1000  0.00%  0.00%  0.00%   0 IP ARP Adjacency
 136           0           1          0  0.00%  0.00%  0.00%   0 IP ARP Retry Age
 137         635         749        847  0.00%  0.00%  0.00%   0 IP Input       
 138           0           1          0  0.00%  0.00%  0.00%   0 ICMP event handl
 139          84       10658          7  0.00%  0.00%  0.00%   0 NAT64 Bgnd Proce
  90          35         124        282  0.00%  0.00%  0.00%   0 EEM ED ND      
 141           0           2          0  0.00%  0.00%  0.00%   0 TurboACL chunk 
 142           2           3        666  0.00%  0.00%  0.00%   0 PIM register asy
 143           0           1          0  0.00%  0.00%  0.00%   0 IPv6 ping proces
 144           4          11        363  0.00%  0.00%  0.00%   0 MOP Protocols  
 145           1           2        500  0.00%  0.00%  0.00%   0 OCE punted Pkts
 146           0           1          0  0.00%  0.00%  0.00%   0 LSP Tunnel FRR 
 147           0           1          0  0.00%  0.00%  0.00%   0 MPLS Auto-Tunnel
 148           0           2          0  0.00%  0.00%  0.00%   0 PPP SIP        
 149           0           2          0  0.00%  0.00%  0.00%   0 PPP Bind       
 150           0           2          0  0.00%  0.00%  0.00%   0 PPP IP Route   
 151           0           1          0  0.00%  0.00%  0.00%   0 HQF TARGET DYNAM
 153           0           2          0  0.00%  0.00%  0.00%   0 RIB LM VALIDATE
 154           0           2          0  0.00%  0.00%  0.00%   0 Spanning Tree  
 155           0           1          0  0.00%  0.00%  0.00%   0 X.25 Encaps Mana
 156           5           4       1250  0.00%  0.00%  0.00%   0 SSM connection m
 157           0           1          0  0.00%  0.00%  0.00%   0 AC Switch      
 158           0           1          0  0.00%  0.00%  0.00%   0 SSS Manager    
 159           0           1          0  0.00%  0.00%  0.00%   0 SSS Policy Manag
 160           0           1          0  0.00%  0.00%  0.00%   0 SSS Feature Mana
 161         154       21340          7  0.00%  0.00%  0.00%   0 SSS Feature Time
 162           0           1          0  0.00%  0.00%  0.00%   0 WAAS Process   
 163           0           1          0  0.00%  0.00%  0.00%   0 Auth-proxy AAA B
 164           9        1822          4  0.00%  0.00%  0.00%   0 Auth-proxy HTTP
 165           0           1          0  0.00%  0.00%  0.00%   0 IP Admin SM Proc
 166           0           2          0  0.00%  0.00%  0.00%   0 EAPoUDP Process
 167           0           2          0  0.00%  0.00%  0.00%   0 KRB5 AAA       
 168           1           4        250  0.00%  0.00%  0.00%   0 Flow Exporter Ti
 169           0           2          0  0.00%  0.00%  0.00%   0 Flow Exporter Pa
 170           0           3          0  0.00%  0.00%  0.00%   0 Service Routing
 171           1          92         10  0.00%  0.00%  0.00%   0 FRR Background P
 172          37         568         65  0.00%  0.00%  0.00%   0 CEF background p
 173           0           1          0  0.00%  0.00%  0.00%   0 fib_fib_bfd_sb e
 174           1           1       1000  0.00%  0.00%  0.00%   0 Tunnel FIB     
 175           1           2        500  0.00%  0.00%  0.00%   0 VPWS Thread    
 176           9         184         48  0.00%  0.00%  0.00%   0 NGCP SCHEDULER P
 177          67        5457         12  0.00%  0.00%  0.00%   0 STILE PERIODIC T
 178           1          93         10  0.00%  0.00%  0.00%   0 UV AUTO CUSTOM P
 179           0           2          0  0.00%  0.00%  0.00%   0 EFP Errd       
 180           0           2          0  0.00%  0.00%  0.00%   0 Ether EFP Proces
  97           1           2        500  0.00%  0.00%  0.00%   0 Ethernet CFM   
 182           0           1          0  0.00%  0.00%  0.00%   0 Ethernet Datapla
 183           0           1          0  0.00%  0.00%  0.00%   0 Ethernet PM Proc
 184           0           2          0  0.00%  0.00%  0.00%   0 Ethernet PM Soft
 185          65        1640         39  0.00%  0.00%  0.00%   0 Ethernet PM Moni
 186           0           1          0  0.00%  0.00%  0.00%   0 SNMP Timers    
 187           1           2        500  0.00%  0.00%  0.00%   0 SCTP Main Proces
 188           0           2          0  0.00%  0.00%  0.00%   0 RG Media Timer 
 189           0           1          0  0.00%  0.00%  0.00%   0 RG If-Mgr Timer
 190           0           1          0  0.00%  0.00%  0.00%   0 IP Traceroute  
 191           1           2        500  0.00%  0.00%  0.00%   0 IPMUXv4        
 192           0           2          0  0.00%  0.00%  0.00%   0 IPMUXv6        
 193           0           1          0  0.00%  0.00%  0.00%   0 Critical Auth  
 194           0           1          0  0.00%  0.00%  0.00%   0 MAB Framework  
 123           0           2          0  0.00%  0.00%  0.00%   0 AAA Dictionary R
 196           0           1          0  0.00%  0.00%  0.00%   0 bsm_timers     
 197          97        5458         17  0.00%  0.00%  0.00%   0 bsm_xmt_proc   
 198           0           2          0  0.00%  0.00%  0.00%   0 Routing Topology
 199           6           9        666  0.00%  0.00%  0.00%   0 IP RIB Update  
 200           5          95         52  0.00%  0.00%  0.00%   0 IP Background  
 201           3           7        428  0.00%  0.00%  0.00%   0 IP Connected Rou
 202           0           2          0  0.00%  0.00%  0.00%   0 PPP Compress Inp
 203           1           2        500  0.00%  0.00%  0.00%   0 PPP Compress Res
 204           0           1          0  0.00%  0.00%  0.00%   0 Socket Timers  
 205         168        2473         67  0.00%  0.00%  0.00%   0 TCP Timer      
 206           0           1          0  0.00%  0.00%  0.00%   0 TCP Protocols  
 207           0           1          0  0.00%  0.00%  0.00%   0 COPS           
 208           0           2          0  0.00%  0.00%  0.00%   0 Dialer Forwarder
 209           2           4        500  0.00%  0.00%  0.00%   0 SR CapMan Proces
 210         142        2730         52  0.00%  0.00%  0.00%   0 CEF: IPv4 proces
 211         432        5448         79  0.00%  0.00%  0.00%   0 ADJ background 
 212           0           4          0  0.00%  0.00%  0.00%   0 Collection proce
 213           0           2          0  0.00%  0.00%  0.00%   0 ADJ resolve proc
 214           1          19         52  0.00%  0.00%  0.00%   0 HTTP CORE      
 215           2           2       1000  0.00%  0.00%  0.00%   0 MVPN Mgr Process
 216           0           2          0  0.00%  0.00%  0.00%   0 Multicast Offloa
 217           0           1          0  0.00%  0.00%  0.00%   0 RARP Input     
 218           3           3       1000  0.00%  0.00%  0.00%   0 static         
 219           0           2          0  0.00%  0.00%  0.00%   0 App Route Proces
 220           0           1          0  0.00%  0.00%  0.00%   0 IPv6 RIB Cleanup
 221           0           1          0  0.00%  0.00%  0.00%   0 IPv6 RIB Event H
 222           0           2          0  0.00%  0.00%  0.00%   0 Tunnel         
 223           1           3        333  0.00%  0.00%  0.00%   0 MFIB Master back
 224           1           1       1000  0.00%  0.00%  0.00%   0 BGP BMP Server 
 225          68          93        731  0.00%  0.00%  0.00%   0 BGP Scanner    
 226           0           1          0  0.00%  0.00%  0.00%   0 IPv6 Static Hand
 227           0           1          0  0.00%  0.00%  0.00%   0 IPv6 Inspect Tim
 228           0          79          0  0.00%  0.00%  0.00%   0 TCP Listener   
 229           0           1          0  0.00%  0.00%  0.00%   0 IP IRDP        
 230           0           1          0  0.00%  0.00%  0.00%   0 LAPB Process   
 231           0           2          0  0.00%  0.00%  0.00%   0 LFDp Input Proc
 232           1           1       1000  0.00%  0.00%  0.00%   0 PAD InCall     
 233           0           2          0  0.00%  0.00%  0.00%   0 X.25 Background
 234         124        5448         22  0.00%  0.00%  0.00%   0 PfR BR Learn   
 235           4         543          7  0.00%  0.00%  0.00%   0 QoS stats proces
 236           0           2          0  0.00%  0.00%  0.00%   0 HQF Output Shape
 237           0           2          0  0.00%  0.00%  0.00%   0 HQF Input Shaper
 238           1           3        333  0.00%  0.00%  0.00%   0 RBSCP Background
 239           2           3        666  0.00%  0.00%  0.00%   0 Media Services P
 240           0           1          0  0.00%  0.00%  0.00%   0 VPDN call manage
 241           1           1       1000  0.00%  0.00%  0.00%   0 IPS Process    
 242           0           2          0  0.00%  0.00%  0.00%   0 IPS Auto Update
 243           1           2        500  0.00%  0.00%  0.00%   0 SDEE Management
 244         159       10658         14  0.00%  0.00%  0.00%   0 Inspect process
 245           0           1          0  0.00%  0.00%  0.00%   0 BGP Consistency
 246          13         354         36  0.00%  0.00%  0.00%   0 FW DP Inspect pr
 140           1           4        250  0.00%  0.00%  0.00%   0 TurboACL       
 248           1           2        500  0.00%  0.00%  0.00%   0 URL filter proc
 249           0           1          0  0.00%  0.00%  0.00%   0 Select Timers  
 250           2           2       1000  0.00%  0.00%  0.00%   0 HTTP Process   
 251           1           2        500  0.00%  0.00%  0.00%   0 CIFS API Process
 252           1           2        500  0.00%  0.00%  0.00%   0 CIFS Proxy Proce
 253           1           2        500  0.00%  0.00%  0.00%   0 Diameter Base pr
 254          11         220         50  0.00%  0.00%  0.00%   0 CRM_CALL_UPDATE_
 255           0           1          0  0.00%  0.00%  0.00%   0 EAP Process    
 256           1           2        500  0.00%  0.00%  0.00%   0 BGP Event      
 257           1           2        500  0.00%  0.00%  0.00%   0 AAA Cached Serve
 258           0           2          0  0.00%  0.00%  0.00%   0 ENABLE AAA     
 259           0           1          0  0.00%  0.00%  0.00%   0 EM Background Pr
 260           0           1          0  0.00%  0.00%  0.00%   0 IDMGR CORE     
 261           1           3        333  0.00%  0.00%  0.00%   0 LDAP process   
 262           0           1          0  0.00%  0.00%  0.00%   0 Opaque Database
 263           0           1          0  0.00%  0.00%  0.00%   0 Key chain liveke
 264           0           2          0  0.00%  0.00%  0.00%   0 LINE AAA       
 265           0           3          0  0.00%  0.00%  0.00%   0 LOCAL AAA      
 266           0           2          0  0.00%  0.00%  0.00%   0 MPLS Auto Mesh P
 267           1           2        500  0.00%  0.00%  0.00%   0 TPLUS          
 268           1           2        500  0.00%  0.00%  0.00%   0 VSP_MGR        
 269        3022       85036         35  0.00%  0.03%  0.04%   0 MMA DB TIMER   
 270           0           1          0  0.00%  0.00%  0.00%   0 FW_TEST_TRP    
 271           0           1          0  0.00%  0.00%  0.00%   0 EPM MAIN PROCESS
 272           0           3          0  0.00%  0.00%  0.00%   0 Crypto WUI     
 273           1           3        333  0.00%  0.00%  0.00%   0 EST Client     
 274           0           2          0  0.00%  0.00%  0.00%   0 NIST rng proc  
 275         107       10658         10  0.00%  0.00%  0.00%   0 Timer Library  
 276           1           2        500  0.00%  0.00%  0.00%   0 Crypto Support 
 277           0           1          0  0.00%  0.00%  0.00%   0 IPSECv6 PS Proc
 278         542        5463         99  0.00%  0.00%  0.00%   0 Crypto IKEv2   
 279           0           1          0  0.00%  0.00%  0.00%   0 IKEv2 AAA handle
 280           0           1          0  0.00%  0.00%  0.00%   0 http client proc
 181           2           2       1000  0.00%  0.00%  0.00%   0 L2X Switching Ev
 282           1           2        500  0.00%  0.00%  0.00%   0 CSDB Timer proce
 283           1           1       1000  0.00%  0.00%  0.00%   0 RPMS_PROC_MAIN 
 284           7          11        636  0.00%  0.00%  0.00%   0 crypto engine pr
 285           0           1          0  0.00%  0.00%  0.00%   0 RSA background p
 286         822          10      82200  0.00%  0.00%  0.00%   0 Crypto CA      
 287           0           3          0  0.00%  0.00%  0.00%   0 Crypto PKI-CRL 
 288           0           1          0  0.00%  0.00%  0.00%   0 Crypto PKI-Rev-P
 289           0           1          0  0.00%  0.00%  0.00%   0 PKI OCSP       
 290           0           1          0  0.00%  0.00%  0.00%   0 PKI Revocation 
 291           0           1          0  0.00%  0.00%  0.00%   0 encrypt proc   
 292           0           3          0  0.00%  0.00%  0.00%   0 CRYPTO MAP FREE
 293           0           1          0  0.00%  0.00%  0.00%   0 Crypto INT     
 294           1           3        333  0.00%  0.00%  0.00%   0 Crypto IKE Dispa
 295           4           3       1333  0.00%  0.00%  0.00%   0 Crypto IKMP    
 296           0           1          0  0.00%  0.00%  0.00%   0 IPSEC manual key
 297          14         275         50  0.00%  0.00%  0.00%   0 IPSEC key engine
 298           0           1          0  0.00%  0.00%  0.00%   0 CRYPTO QoS proce
 299           0           1          0  0.00%  0.00%  0.00%   0 Crypto ACL     
 300           0           1          0  0.00%  0.00%  0.00%   0 Crypto PAS Proc
 301           0           1          0  0.00%  0.00%  0.00%   0 IPSec background
 302           2           2       1000  0.00%  0.00%  0.00%   0 GKM GM Process 
 303           0           1          0  0.00%  0.00%  0.00%   0 GKM KS PROCESS 
 304           0           2          0  0.00%  0.00%  0.00%   0 Control-plane ho
 305           0           1          0  0.00%  0.00%  0.00%   0 IKEv2 FlexVPN Pr
 306           0           1          0  0.00%  0.00%  0.00%   0 IKEv2 Cluster Lo
 308           1           2        500  0.00%  0.00%  0.00%   0 AAA SEND STOP EV
 309           0           1          0  0.00%  0.00%  0.00%   0 Test AAA Client
 310           0           1          0  0.00%  0.00%  0.00%   0 BGP VA         
 311           0           1          0  0.00%  0.00%  0.00%   0 dcm_cli_engine 
 312           2           3        666  0.00%  0.00%  0.00%   0 dcm_cli_provider
 313           0           5          0  0.00%  0.00%  0.00%   0 DCM Core Thread
 314           6         548         10  0.00%  0.00%  0.00%   0 RMON Recycle Pro
 315           2           2       1000  0.00%  0.00%  0.00%   0 RMON Deferred Se
 316           0           4          0  0.00%  0.00%  0.00%   0 EEM ED Media Ser
 317           0           1          0  0.00%  0.00%  0.00%   0 Syslog Traps   
 318           0           1          0  0.00%  0.00%  0.00%   0 WAN Optimization
 319           0           4          0  0.00%  0.00%  0.00%   0 EEM ED Routing 
 320          53         211        251  0.00%  0.00%  0.00%   0 EEM ED Syslog  
 321           9           4       2250  0.00%  0.00%  0.00%   0 EEM ED Generic 
 322           1           4        250  0.00%  0.00%  0.00%   0 EEM ED NHRP    
 323           0           4          0  0.00%  0.00%  0.00%   0 EEM ED Track   
 324           1           4        250  0.00%  0.00%  0.00%   0 EEM ED Resource
 325          17         171         99  0.00%  0.00%  0.00%   0 Crypto cTCP proc
 326           0           1          0  0.00%  0.00%  0.00%   0 RMON Packets   
 327           1           3        333  0.00%  0.00%  0.00%   0 RBM CORE       
 328           1           3        333  0.00%  0.00%  0.00%   0 CTS credentials
 329           3           6        500  0.00%  0.00%  0.00%   0 DCM snmp dp Thre
 330           1           3        333  0.00%  0.00%  0.00%   0 snmp dcm ma shim
 331          27         550         49  0.00%  0.00%  0.00%   0 Bulkstat-Client
 332           0           3          0  0.00%  0.00%  0.00%   0 dcm_expression_p
 333         142         208        682  0.00%  0.00%  0.00%   0 Syslog         
 335           0           1          0  0.00%  0.00%  0.00%   0 udp_transport Se
 336          27         547         49  0.00%  0.00%  0.00%   0 qos_mon_periodic
 337           0           1          0  0.00%  0.00%  0.00%   0 IP SLAs Ethernet
 338          16          57        280  0.00%  0.00%  0.00%   0 EEM Server     
 339           3           3       1000  0.00%  0.00%  0.00%   0 EEM Policy Direc
 341           1           4        250  0.00%  0.00%  0.00%   0 EEM ED CLI     
 342           0           4          0  0.00%  0.00%  0.00%   0 EEM ED Counter 
 343           0           4          0  0.00%  0.00%  0.00%   0 EEM ED Interface
 344           2           4        500  0.00%  0.00%  0.00%   0 EEM ED IOSWD   
 345           0           4          0  0.00%  0.00%  0.00%   0 EEM ED None    
 346           0           4          0  0.00%  0.00%  0.00%   0 EEM ED OIR     
 347           2           9        222  0.00%  0.00%  0.00%   0 EEM ED RF      
 348           0           4          0  0.00%  0.00%  0.00%   0 EEM ED SNMP    
 349           1           4        250  0.00%  0.00%  0.00%   0 EEM ED SNMP Obje
 350           1           4        250  0.00%  0.00%  0.00%   0 EEM ED Ipsla   
 351           0           4          0  0.00%  0.00%  0.00%   0 EEM ED SNMP Noti
 352           3          97         30  0.00%  0.00%  0.00%   0 EEM ED Timer   
 353           2           4        500  0.00%  0.00%  0.00%   0 EEM ED Test    
 354           0           4          0  0.00%  0.00%  0.00%   0 EEM ED Config  
 355           0           4          0  0.00%  0.00%  0.00%   0 EEM ED Env     
 356           1           4        250  0.00%  0.00%  0.00%   0 EEM ED DS      
 357           1           4        250  0.00%  0.00%  0.00%   0 EEM ED CRASH   
 359           0           4          0  0.00%  0.00%  0.00%   0 EEM ED Nf      
 360           0           4          0  0.00%  0.00%  0.00%   0 EEM ED RPC     
 361          28         334         83  0.00%  0.00%  0.00%   0 mdns Timer Proce
 362           1           2        500  0.00%  0.00%  0.00%   0 MRIB Process   
 363           1           7        142  0.00%  0.00%  0.00%   0 EEM Helper Threa
ISP#show memory statistics
                Head    Total(b)     Used(b)     Free(b)   Lowest(b)  Largest(b)
Processor    CAAE880   859380608    65548384   793832224   775714724   774786060
      I/O    8DAE880    63963136    52718488    11244648    11212064    11090812
ISP#show interfaces
GigabitEthernet0/0 is up, line protocol is up
  Hardware is iGbE, address is 5000.0001.0000 (bia 5000.0001.0000)
  Description: LINK-TO-EDGE
  Internet address is 203.0.113.1/30
  MTU 1500 bytes, BW 1000000 Kbit/sec, DLY 10 usec,
     reliability 255/255, txload 1/255, rxload 1/255
  Encapsulation ARPA, loopback not set
  Keepalive set (10 sec)
  Unknown, Unknown, link type is auto, media type is RJ45
  output flow-control is unsupported, input flow-control is unsupported
  ARP type: ARPA, ARP Timeout 04:00:00
  Last input 00:00:10, output 00:00:02, output hang never
  Last clearing of "show interface" counters never
  Input queue: 0/75/0/0 (size/max/drops/flushes); Total output drops: 0
  Queueing strategy: fifo
  Output queue: 0/40 (size/max)
  5 minute input rate 0 bits/sec, 0 packets/sec
  5 minute output rate 0 bits/sec, 0 packets/sec
     895 packets input, 121153 bytes, 0 no buffer
     Received 0 broadcasts (0 IP multicasts)
     0 runts, 0 giants, 0 throttles
     0 input errors, 0 CRC, 0 frame, 0 overrun, 0 ignored
     0 watchdog, 0 multicast, 0 pause input
     1352 packets output, 118005 bytes, 0 underruns
     0 output errors, 0 collisions, 1 interface resets
     85 unknown protocol drops
     0 babbles, 0 late collision, 0 deferred
     0 lost carrier, 0 no carrier, 0 pause output
     0 output buffer failures, 0 output buffers swapped out
GigabitEthernet0/1 is administratively down, line protocol is down
  Hardware is iGbE, address is 5000.0001.0001 (bia 5000.0001.0001)
  MTU 1500 bytes, BW 1000000 Kbit/sec, DLY 10 usec,
     reliability 255/255, txload 1/255, rxload 1/255
  Encapsulation ARPA, loopback not set
  Keepalive set (10 sec)
  Auto Duplex, Auto Speed, link type is auto, media type is RJ45
  output flow-control is unsupported, input flow-control is unsupported
  ARP type: ARPA, ARP Timeout 04:00:00
  Last input never, output never, output hang never
  Last clearing of "show interface" counters never
  Input queue: 0/75/0/0 (size/max/drops/flushes); Total output drops: 0
  Queueing strategy: fifo
  Output queue: 0/40 (size/max)
  5 minute input rate 0 bits/sec, 0 packets/sec
  5 minute output rate 0 bits/sec, 0 packets/sec
     0 packets input, 0 bytes, 0 no buffer
     Received 0 broadcasts (0 IP multicasts)
     0 runts, 0 giants, 0 throttles
     0 input errors, 0 CRC, 0 frame, 0 overrun, 0 ignored
     0 watchdog, 0 multicast, 0 pause input
     0 packets output, 0 bytes, 0 underruns
     0 output errors, 0 collisions, 1 interface resets
     0 unknown protocol drops
     0 babbles, 0 late collision, 0 deferred
     0 lost carrier, 0 no carrier, 0 pause output
     0 output buffer failures, 0 output buffers swapped out
GigabitEthernet0/2 is administratively down, line protocol is down
  Hardware is iGbE, address is 5000.0001.0002 (bia 5000.0001.0002)
  MTU 1500 bytes, BW 1000000 Kbit/sec, DLY 10 usec,
     reliability 255/255, txload 1/255, rxload 1/255
  Encapsulation ARPA, loopback not set
  Keepalive set (10 sec)
  Auto Duplex, Auto Speed, link type is auto, media type is RJ45
  output flow-control is unsupported, input flow-control is unsupported
  ARP type: ARPA, ARP Timeout 04:00:00
  Last input never, output never, output hang never
  Last clearing of "show interface" counters never
  Input queue: 0/75/0/0 (size/max/drops/flushes); Total output drops: 0
  Queueing strategy: fifo
  Output queue: 0/40 (size/max)
  5 minute input rate 0 bits/sec, 0 packets/sec
  5 minute output rate 0 bits/sec, 0 packets/sec
     0 packets input, 0 bytes, 0 no buffer
     Received 0 broadcasts (0 IP multicasts)
     0 runts, 0 giants, 0 throttles
     0 input errors, 0 CRC, 0 frame, 0 overrun, 0 ignored
     0 watchdog, 0 multicast, 0 pause input
     0 packets output, 0 bytes, 0 underruns
     0 output errors, 0 collisions, 1 interface resets
     0 unknown protocol drops
     0 babbles, 0 late collision, 0 deferred
     0 lost carrier, 0 no carrier, 0 pause output
     0 output buffer failures, 0 output buffers swapped out
GigabitEthernet0/3 is administratively down, line protocol is down
  Hardware is iGbE, address is 5000.0001.0003 (bia 5000.0001.0003)
  MTU 1500 bytes, BW 1000000 Kbit/sec, DLY 10 usec,
     reliability 255/255, txload 1/255, rxload 1/255
  Encapsulation ARPA, loopback not set
  Keepalive set (10 sec)
  Auto Duplex, Auto Speed, link type is auto, media type is RJ45
  output flow-control is unsupported, input flow-control is unsupported
  ARP type: ARPA, ARP Timeout 04:00:00
  Last input never, output never, output hang never
  Last clearing of "show interface" counters never
  Input queue: 0/75/0/0 (size/max/drops/flushes); Total output drops: 0
  Queueing strategy: fifo
  Output queue: 0/40 (size/max)
  5 minute input rate 0 bits/sec, 0 packets/sec
  5 minute output rate 0 bits/sec, 0 packets/sec
     0 packets input, 0 bytes, 0 no buffer
     Received 0 broadcasts (0 IP multicasts)
     0 runts, 0 giants, 0 throttles
     0 input errors, 0 CRC, 0 frame, 0 overrun, 0 ignored
     0 watchdog, 0 multicast, 0 pause input
     0 packets output, 0 bytes, 0 underruns
     0 output errors, 0 collisions, 1 interface resets
     0 unknown protocol drops
     0 babbles, 0 late collision, 0 deferred
     0 lost carrier, 0 no carrier, 0 pause output
     0 output buffer failures, 0 output buffers swapped out
Loopback0 is up, line protocol is up
  Hardware is Loopback
  Description: INTERNET-SIMULATION
  Internet address is 8.8.8.8/32
  MTU 1514 bytes, BW 8000000 Kbit/sec, DLY 5000 usec,
     reliability 255/255, txload 1/255, rxload 1/255
  Encapsulation LOOPBACK, loopback not set
  Keepalive set (10 sec)
  Last input never, output never, output hang never
  Last clearing of "show interface" counters never
  Input queue: 0/75/0/0 (size/max/drops/flushes); Total output drops: 0
  Queueing strategy: fifo
  Output queue: 0/0 (size/max)
  5 minute input rate 0 bits/sec, 0 packets/sec
  5 minute output rate 0 bits/sec, 0 packets/sec
     0 packets input, 0 bytes, 0 no buffer
     Received 0 broadcasts (0 IP multicasts)
     0 runts, 0 giants, 0 throttles
     0 input errors, 0 CRC, 0 frame, 0 overrun, 0 ignored, 0 abort
     0 packets output, 0 bytes, 0 underruns
     0 output errors, 0 collisions, 0 interface resets
     0 unknown protocol drops
     0 output buffer failures, 0 output buffers swapped out
ISP#show interfaces switchport
                          ^
% Invalid input detected at '^' marker.

ISP#show ip interface brief
Interface                  IP-Address      OK? Method Status                Protocol
GigabitEthernet0/0         203.0.113.1     YES NVRAM  up                    up  
GigabitEthernet0/1         unassigned      YES NVRAM  administratively down down
GigabitEthernet0/2         unassigned      YES NVRAM  administratively down down
GigabitEthernet0/3         unassigned      YES NVRAM  administratively down down
Loopback0                  8.8.8.8         YES NVRAM  up                    up  
ISP#show ipv6 interface brief
GigabitEthernet0/0     [up/up]
    unassigned
GigabitEthernet0/1     [administratively down/down]
    unassigned
GigabitEthernet0/2     [administratively down/down]
    unassigned
GigabitEthernet0/3     [administratively down/down]
    unassigned
Loopback0              [up/up]
    unassigned
ISP#show vlan brief
              ^
% Invalid input detected at '^' marker.

ISP#show spanning-tree

No spanning tree instances exist.

ISP#show spanning-tree summary
Root bridge for: none.
PortFast BPDU Guard is disabled
UplinkFast is disabled
BackboneFast is disabled

Name                 Blocking Listening Learning Forwarding STP Active
-------------------- -------- --------- -------- ---------- ----------
               Total 0        0         0        0          0
ISP#show spanning-tree detail
                       ^
% Invalid input detected at '^' marker.

ISP#show ip protocols
*** IP Routing is NSF aware ***

Routing Protocol is "application"
  Sending updates every 0 seconds
  Invalid after 0 seconds, hold down 0, flushed after 0
  Outgoing update filter list for all interfaces is not set
  Incoming update filter list for all interfaces is not set
  Maximum path: 32
  Routing for Networks:
  Routing Information Sources:
    Gateway         Distance      Last Update
  Distance: (default is 4)

Routing Protocol is "bgp 65000"
  Outgoing update filter list for all interfaces is not set
  Incoming update filter list for all interfaces is not set
  IGP synchronization is disabled
  Automatic route summarization is disabled
  Neighbor(s):
    Address          FiltIn FiltOut DistIn DistOut Weight RouteMap
    203.0.113.2
  Maximum path: 1
  Routing Information Sources:
    Gateway         Distance      Last Update
    203.0.113.2           20      00:06:13
  Distance: external 20 internal 200 local 200

ISP#show ip route
Codes: L - local, C - connected, S - static, R - RIP, M - mobile, B - BGP
       D - EIGRP, EX - EIGRP external, O - OSPF, IA - OSPF inter area
       N1 - OSPF NSSA external type 1, N2 - OSPF NSSA external type 2
       E1 - OSPF external type 1, E2 - OSPF external type 2
       i - IS-IS, su - IS-IS summary, L1 - IS-IS level-1, L2 - IS-IS level-2
       ia - IS-IS inter area, * - candidate default, U - per-user static route
       o - ODR, P - periodic downloaded static route, H - NHRP, l - LISP
       a - application route
       + - replicated route, % - next hop override, p - overrides from PfR

Gateway of last resort is 203.0.113.2 to network 0.0.0.0

B*    0.0.0.0/0 [20/0] via 203.0.113.2, 00:08:22
      8.0.0.0/32 is subnetted, 1 subnets
C        8.8.8.8 is directly connected, Loopback0
      10.0.0.0/8 is variably subnetted, 10 subnets, 2 masks
B        10.10.1.0/30 [20/0] via 203.0.113.2, 00:06:44
B        10.10.2.0/30 [20/0] via 203.0.113.2, 00:06:44
B        10.12.1.0/30 [20/0] via 203.0.113.2, 00:06:44
B        10.12.2.0/30 [20/0] via 203.0.113.2, 00:06:44
B        10.13.1.0/30 [20/0] via 203.0.113.2, 00:06:44
B        10.13.2.0/30 [20/0] via 203.0.113.2, 00:06:44
B        10.14.1.0/30 [20/0] via 203.0.113.2, 00:06:14
B        10.14.2.0/30 [20/0] via 203.0.113.2, 00:06:14
B        10.20.1.0/30 [20/0] via 203.0.113.2, 00:06:14
B        10.30.30.0/24 [20/0] via 203.0.113.2, 00:06:44
      203.0.113.0/24 is variably subnetted, 2 subnets, 2 masks
C        203.0.113.0/30 is directly connected, GigabitEthernet0/0
L        203.0.113.1/32 is directly connected, GigabitEthernet0/0
ISP#show ipv6 route
ISP#show ip ospf
ISP#show ip ospf neighbor
ISP#show ip eigrp neighbors
ISP#show ip rip database
ISP#show ip route rip
ISP#show ip bgp summary
BGP router identifier 8.8.8.8, local AS number 65000
BGP table version is 13, main routing table version 13
12 network entries using 1728 bytes of memory
12 path entries using 960 bytes of memory
3/3 BGP path/bestpath attribute entries using 456 bytes of memory
1 BGP AS-PATH entries using 24 bytes of memory
0 BGP route-map cache entries using 0 bytes of memory
0 BGP filter-list cache entries using 0 bytes of memory
BGP using 3168 total bytes of memory
BGP activity 12/0 prefixes, 12/0 paths, scan interval 60 secs

Neighbor        V           AS MsgRcvd MsgSent   TblVer  InQ OutQ Up/Down  State/PfxRcd
203.0.113.2     4        65001      15      15       13    0    0 00:09:33       11
ISP#show bgp ipv4 unicast summary
BGP router identifier 8.8.8.8, local AS number 65000
BGP table version is 13, main routing table version 13
12 network entries using 1728 bytes of memory
12 path entries using 960 bytes of memory
3/3 BGP path/bestpath attribute entries using 456 bytes of memory
1 BGP AS-PATH entries using 24 bytes of memory
0 BGP route-map cache entries using 0 bytes of memory
0 BGP filter-list cache entries using 0 bytes of memory
BGP using 3168 total bytes of memory
BGP activity 12/0 prefixes, 12/0 paths, scan interval 60 secs

Neighbor        V           AS MsgRcvd MsgSent   TblVer  InQ OutQ Up/Down  State/PfxRcd
203.0.113.2     4        65001      15      15       13    0    0 00:09:33       11
ISP#show cdp neighbors detail
-------------------------
Device ID: EDGE.lab.local
Entry address(es):
  IP address: 203.0.113.2
Platform: Cisco ,  Capabilities: Router Source-Route-Bridge
Interface: GigabitEthernet0/0,  Port ID (outgoing port): GigabitEthernet0/0
Holdtime : 152 sec

Version :
Cisco IOS Software, IOSv Software (VIOS-ADVENTERPRISEK9-M), Version 15.6(2)T, RELEASE SOFTWARE (fc2)
Technical Support: http://www.cisco.com/techsupport
Copyright (c) 1986-2016 by Cisco Systems, Inc.
Compiled Tue 22-Mar-16 16:19 by prod_rel_team

advertisement version: 2
Duplex: half
Management address(es):
  IP address: 203.0.113.2


Total cdp entries displayed : 1
ISP#show lldp neighbors detail
% LLDP is not enabled
ISP#show mac address-table
            ^
% Invalid input detected at '^' marker.

ISP#show ip arp
Protocol  Address          Age (min)  Hardware Addr   Type   Interface
Internet  203.0.113.1             -   5000.0001.0000  ARPA   GigabitEthernet0/0
Internet  203.0.113.2            16   5000.0002.0000  ARPA   GigabitEthernet0/0
ISP#show ipv6 neighbors
ISP#show ssh
%No SSHv2 server connections running.
%No SSHv1 server connections running.
ISP#show ntp status
%NTP is not enabled.
ISP#show logging
Syslog logging: enabled (0 messages dropped, 3 messages rate-limited, 0 flushes, 0 overruns, xml disabled, filtering disabled)

No Active Message Discriminator.



No Inactive Message Discriminator.


    Console logging: level debugging, 353 messages logged, xml disabled,
                     filtering disabled
    Monitor logging: level debugging, 0 messages logged, xml disabled,
                     filtering disabled
    Buffer logging:  level debugging, 353 messages logged, xml disabled,
                    filtering disabled
    Exception Logging: size (8192 bytes)
    Count and timestamp logging messages: disabled
    Persistent logging: disabled

No active filter modules.

    Trap logging: level informational, 489 message lines logged
        Logging Source-Interface:       VRF Name:

Log Buffer (8192 bytes):
-MSGDUMP: unsupported or mal-formatted message received from 203.0.113.2:
FFFF FFFF FFFF FFFF FFFF FFFF FFFF FFFF 0039 0104 FDE8 00B4 CB00 7102 1C02 0601
0400 0100 0102 0280 0002 0202 0002 0246 0002 0641 0400 00FD E8
*Feb 28 19:13:30.259: %BGP-5-NBR_RESET: Neighbor 203.0.113.2 passive reset (BGP Notification sent)
*Feb 28 19:13:30.260: %BGP-5-ADJCHANGE: neighbor 203.0.113.2 passive Down BGP Notification sent
*Feb 28 19:13:34.355: %BGP-5-NBR_RESET: Neighbor 203.0.113.2 active reset (BGP Notification sent)
*Feb 28 19:13:34.360: %BGP-5-ADJCHANGE: neighbor 203.0.113.2 active Down BGP Notification sent
*Feb 28 19:13:34.360: %BGP_SESSION-5-ADJCHANGE: neighbor 203.0.113.2 IPv4 Unicast topology base removed from session  BGP Notification sent
*Feb 28 19:13:36.062: %BGP-3-NOTIFICATION: sent to neighbor 203.0.113.2 passive 2/2 (peer in wrong AS) 2 bytes FDE8
*Feb 28 19:13:36.062: %BGP-4-MSGDUMP: unsupported or mal-formatted message received from 203.0.113.2:
FFFF FFFF FFFF FFFF FFFF FFFF FFFF FFFF 0039 0104 FDE8 00B4 CB00 7102 1C02 0601
0400 0100 0102 0280 0002 0202 0002 0246 0002 0641 0400 00FD E8
*Feb 28 19:13:40.499: %BGP-5-NBR_RESET: Neighbor 203.0.113.2 passive reset (BGP Notification sent)
*Feb 28 19:13:40.501: %BGP-5-ADJCHANGE: neighbor 203.0.113.2 passive Down BGP Notification sent
*Feb 28 19:13:41.537: %BGP-3-NOTIFICATION: sent to neighbor 203.0.113.2 active 2/2 (peer in wrong AS) 2 bytes FDE8
*Feb 28 19:13:41.537: %BGP-4-MSGDUMP: unsupported or mal-formatted message received from 203.0.113.2:
FFFF FFFF FFFF FFFF FFFF FFFF FFFF FFFF 0039 0104 FDE8 00B4 CB00 7102 1C02 0601
0400 0100 0102 0280 0002 0202 0002 0246 0002 0641 0400 00FD E8
*Feb 28 19:13:43.227: %BGP-3-NOTIFICATION: sent to neighbor 203.0.113.2 passive 2/2 (peer in wrong AS) 2 bytes FDE8
*Feb 28 19:13:43.227: %BGP-4-MSGDUMP: unsupported or mal-formatted message received from 203.0.113.2:
FFFF FFFF FFFF FFFF FFFF FFFF FFFF FFFF 0039 0104 FDE8 00B4 CB00 7102 1C02 0601
0400 0100 0102 0280 0002 0202 0002 0246 0002 0641 0400 00FD E8
*Feb 28 19:13:46.643: %BGP-5-NBR_RESET: Neighbor 203.0.113.2 active reset (BGP Notification sent)
*Feb 28 19:13:46.643: %BGP-5-ADJCHANGE: neighbor 203.0.113.2 active Down BGP Notification sent
*Feb 28 19:13:46.643: %BGP_SESSION-5-ADJCHANGE: neighbor 203.0.113.2 IPv4 Unicast topology base removed from session  BGP Notification sent
*Feb 28 19:13:47.667: %BGP-5-NBR_RESET: Neighbor 203.0.113.2 passive reset (BGP Notification sent)
*Feb 28 19:13:47.668: %BGP-5-ADJCHANGE: neighbor 203.0.113.2 passive Down BGP Notification sent
*Feb 28 19:13:56.601: %BGP-3-NOTIFICATION: sent to neighbor 203.0.113.2 passive 2/2 (peer in wrong AS) 2 bytes FDE8
*Feb 28 19:13:56.601: %BGP-4-MSGDUMP: unsupported or mal-formatted message received from 203.0.113.2:
FFFF FFFF FFFF FFFF FFFF FFFF FFFF FFFF 0039 0104 FDE8 00B4 CB00 7102 1C02 0601
0400 0100 0102 0280 0002 0202 0002 0246 0002 0641 0400 00FD E8
*Feb 28 19:13:59.972: %BGP-3-NOTIFICATION: sent to neighbor 203.0.113.2 active 2/2 (peer in wrong AS) 2 bytes FDE8
*Feb 28 19:13:59.972: %BGP-4-MSGDUMP: unsupported or mal-formatted message received from 203.0.113.2:
FFFF FFFF FFFF FFFF FFFF FFFF FFFF FFFF 0039 0104 FDE8 00B4 CB00 7102 1C02 0601
0400 0100 0102 0280 0002 0202 0002 0246 0002 0641 0400 00FD E8
*Feb 28 19:14:00.980: %BGP-5-NBR_RESET: Neighbor 203.0.113.2 passive reset (BGP Notification sent)
*Feb 28 19:14:00.981: %BGP-5-ADJCHANGE: neighbor 203.0.113.2 passive Down BGP Notification sent
*Feb 28 19:14:05.076: %BGP-5-NBR_RESET: Neighbor 203.0.113.2 active reset (BGP Notification sent)
*Feb 28 19:14:05.078: %BGP-5-ADJCHANGE: neighbor 203.0.113.2 active Down BGP Notification sent
*Feb 28 19:14:05.078: %BGP_SESSION-5-ADJCHANGE: neighbor 203.0.113.2 IPv4 Unicast topology base removed from session  BGP Notification sent
*Feb 28 19:14:10.035: %BGP-3-NOTIFICATION: sent to neighbor 203.0.113.2 passive 2/2 (peer in wrong AS) 2 bytes FDE8
*Feb 28 19:14:10.035: %BGP-4-MSGDUMP: unsupported or mal-formatted message received from 203.0.113.2:
FFFF FFFF FFFF FFFF FFFF FFFF FFFF FFFF 0039 0104 FDE8 00B4 CB00 7102 1C02 0601
0400 0100 0102 0280 0002 0202 0002 0246 0002 0641 0400 00FD E8
*Feb 28 19:14:14.292: %BGP-5-NBR_RESET: Neighbor 203.0.113.2 passive reset (BGP Notification sent)
*Feb 28 19:14:14.294: %BGP-5-ADJCHANGE: neighbor 203.0.113.2 passive Down BGP Notification sent
*Feb 28 19:14:17.401: %BGP-3-NOTIFICATION: sent to neighbor 203.0.113.2 active 2/2 (peer in wrong AS) 2 bytes FDE8
*Feb 28 19:14:17.401: %BGP-4-MSGDUMP: unsupported or mal-formatted message received from 203.0.113.2:
FFFF FFFF FFFF FFFF FFFF FFFF FFFF FFFF 0039 0104 FDE8 00B4 CB00 7102 1C02 0601
0400 0100 0102 0280 0002 0202 0002 0246 0002 0641 0400 00FD E8
*Feb 28 19:14:22.510: %BGP-5-NBR_RESET: Neighbor 203.0.113.2 active reset (BGP Notification sent)
*Feb 28 19:14:22.512: %BGP-5-ADJCHANGE: neighbor 203.0.113.2 active Down BGP Notification sent
*Feb 28 19:14:22.513: %BGP_SESSION-5-ADJCHANGE: neighbor 203.0.113.2 IPv4 Unicast topology base removed from session  BGP Notification sent
*Feb 28 19:14:23.311: %BGP-3-NOTIFICATION: sent to neighbor 203.0.113.2 passive 2/2 (peer in wrong AS) 2 bytes FDE8
*Feb 28 19:14:23.311: %BGP-4-MSGDUMP: unsupported or mal-formatted message received from 203.0.113.2:
FFFF FFFF FFFF FFFF FFFF FFFF FFFF FFFF 0039 0104 FDE8 00B4 CB00 7102 1C02 0601
0400 0100 0102 0280 0002 0202 0002 0246 0002 0641 0400 00FD E8
*Feb 28 19:14:27.630: %BGP-5-NBR_RESET: Neighbor 203.0.113.2 passive reset (BGP Notification sent)
*Feb 28 19:14:27.631: %BGP-5-ADJCHANGE: neighbor 203.0.113.2 passive Down BGP Notification sent
*Feb 28 19:14:30.719: %BGP-3-NOTIFICATION: sent to neighbor 203.0.113.2 active 2/2 (peer in wrong AS) 2 bytes FDE8
*Feb 28 19:14:30.719: %BGP-4-MSGDUMP: unsupported or mal-formatted message received from 203.0.113.2:
FFFF FFFF FFFF FFFF FFFF FFFF FFFF FFFF 0039 0104 FDE8 00B4 CB00 7102 1C02 0601
0400 0100 0102 0280 0002 0202 0002 0246 0002 0641 0400 00FD E8
*Feb 28 19:14:32.591: %BGP-3-NOTIFICATION: sent to neighbor 203.0.113.2 passive 2/2 (peer in wrong AS) 2 bytes FDE8
*Feb 28 19:14:32.592: %BGP-4-MSGDUMP: unsupported or mal-formatted message received from 203.0.113.2:
FFFF FFFF FFFF FFFF FFFF FFFF FFFF FFFF 0039 0104 FDE8 00B4 CB00 7102 1C02 0601
0400 0100 0102 0280 0002 0202 0002 0246 0002 0641 0400 00FD E8
*Feb 28 19:14:35.825: %BGP-5-NBR_RESET: Neighbor 203.0.113.2 active reset (BGP Notification sent)
*Feb 28 19:14:35.826: %BGP-5-ADJCHANGE: neighbor 203.0.113.2 active Down BGP Notification sent
*Feb 28 19:14:35.827: %BGP_SESSION-5-ADJCHANGE: neighbor 203.0.113.2 IPv4 Unicast topology base removed from session  BGP Notification sent
*Feb 28 19:14:36.849: %BGP-5-NBR_RESET: Neighbor 203.0.113.2 passive reset (BGP Notification sent)
*Feb 28 19:14:36.851: %BGP-5-ADJCHANGE: neighbor 203.0.113.2 passive Down BGP Notification sent
*Feb 28 19:14:40.762: %BGP-3-NOTIFICATION: sent to neighbor 203.0.113.2 passive 2/2 (peer in wrong AS) 2 bytes FDE8
*Feb 28 19:14:40.762: %BGP-4-MSGDUMP: unsupported or mal-formatted message received from 203.0.113.2:
FFFF FFFF FFFF FFFF FFFF FFFF FFFF FFFF 0039 0104 FDE8 00B4 CB00 7102 1C02 0601
0400 0100 0102 0280 0002 0202 0002 0246 0002 0641 0400 00FD E8
*Feb 28 19:14:45.042: %BGP-5-NBR_RESET: Neighbor 203.0.113.2 passive reset (BGP Notification sent)
*Feb 28 19:14:45.044: %BGP-5-ADJCHANGE: neighbor 203.0.113.2 passive Down BGP Notification sent
*Feb 28 19:14:46.083: %BGP-3-NOTIFICATION: sent to neighbor 203.0.113.2 active 2/2 (peer in wrong AS) 2 bytes FDE8
*Feb 28 19:14:46.084: %BGP-4-MSGDUMP: unsupported or mal-formatted message received from 203.0.113.2:
FFFF FFFF FFFF FFFF FFFF FFFF FFFF FFFF 0039 0104 FDE8 00B4 CB00 7102 1C02 0601
0400 0100 0102 0280 0002 0202 0002 0246 0002 0641 0400 00FD E8
*Feb 28 19:14:51.186: %BGP-5-NBR_RESET: Neighbor 203.0.113.2 active reset (BGP Notification sent)
*Feb 28 19:14:51.187: %BGP-5-ADJCHANGE: neighbor 203.0.113.2 active Down BGP Notification sent
*Feb 28 19:14:51.187: %BGP_SESSION-5-ADJCHANGE: neighbor 203.0.113.2 IPv4 Unicast topology base removed from session  BGP Notification sent
*Feb 28 19:14:57.344: %BGP-5-ADJCHANGE: neighbor 203.0.113.2 Up
ISP#show access-lists
ISP#show snmp
%SNMP agent not enabled
ISP#show snmp community
%SNMP agent not enabled
ISP#show snmp host
%SNMP agent not enabled
ISP#show snmp user
%SNMP agent not enabled
ISP#show etherchannel summary
              ^
% Invalid input detected at '^' marker.

ISP#show standby brief
ISP#show vrrp brief
Interface          Grp Pri Time  Own Pre State   Master addr     Group addr
ISP#show aaa sessions
Total sessions since last reload: 0
ISP#show aaa user
% Incomplete command.

ISP#show aaa method-suite
                    ^
% Invalid input detected at '^' marker.

