BR2#show ip interface brief
Interface                  IP-Address      OK? Method Status                Protocol
GigabitEthernet0/0         10.0.0.2        YES NVRAM  up                    up  
GigabitEthernet0/1         10.0.0.6        YES NVRAM  up                    up  
GigabitEthernet0/2         10.0.0.10       YES NVRAM  up                    up  
GigabitEthernet0/3         203.0.113.6     YES manual up                    up  
NVI0                       10.0.0.2        YES unset  up                    up  

BR2#show ip interface brief
Interface                  IP-Address      OK? Method Status                Protocol
GigabitEthernet0/0         10.0.0.2        YES NVRAM  up                    up  
GigabitEthernet0/1         10.0.0.6        YES NVRAM  up                    up  
GigabitEthernet0/2         10.0.0.10       YES NVRAM  up                    up  
GigabitEthernet0/3         203.0.113.6     YES manual up                    up  
NVI0                       10.0.0.2        YES unset  up                    up  

BR2#show spanning-tree summary
Root bridge for: none.
PortFast BPDU Guard is disabled
UplinkFast is disabled
BackboneFast is disabled

Name                 Blocking Listening Learning Forwarding STP Active
-------------------- -------- --------- -------- ---------- ----------
               Total 0        0         0        0          0

BR2#show ip route
Codes: L - local, C - connected, S - static, R - RIP, M - mobile, B - BGP
       D - EIGRP, EX - EIGRP external, O - OSPF, IA - OSPF inter area
       N1 - OSPF NSSA external type 1, N2 - OSPF NSSA external type 2
       E1 - OSPF external type 1, E2 - OSPF external type 2
       i - IS-IS, su - IS-IS summary, L1 - IS-IS level-1, L2 - IS-IS level-2
       ia - IS-IS inter area, * - candidate default, U - per-user static route
       o - ODR, P - periodic downloaded static route, H - NHRP, l - LISP
       a - application route
       + - replicated route, % - next hop override, p - overrides from PfR

Gateway of last resort is 203.0.113.5 to network 0.0.0.0

S*    0.0.0.0/0 [1/0] via 203.0.113.5
      10.0.0.0/8 is variably subnetted, 6 subnets, 2 masks
C        10.0.0.0/30 is directly connected, GigabitEthernet0/0
L        10.0.0.2/32 is directly connected, GigabitEthernet0/0
C        10.0.0.4/30 is directly connected, GigabitEthernet0/1
L        10.0.0.6/32 is directly connected, GigabitEthernet0/1
C        10.0.0.8/30 is directly connected, GigabitEthernet0/2
L        10.0.0.10/32 is directly connected, GigabitEthernet0/2
      203.0.113.0/24 is variably subnetted, 2 subnets, 2 masks
C        203.0.113.4/30 is directly connected, GigabitEthernet0/3
L        203.0.113.6/32 is directly connected, GigabitEthernet0/3

BR2#show ip ospf neighbor

Neighbor ID     Pri   State           Dead Time   Address         Interface
1.1.1.1           1   FULL/DR         00:00:39    10.0.0.9        GigabitEthernet0/2

BR2#show ntp status
Clock is unsynchronized, stratum 16, no reference clock
nominal freq is 1000.0003 Hz, actual freq is 1000.0003 Hz, precision is 2**16
ntp uptime is 189500 (1/100 of seconds), resolution is 1000
reference time is 00000000.00000000 (00:00:00.000 UTC Mon Jan 1 1900)
clock offset is 0.0000 msec, root delay is 0.00 msec
root dispersion is 28.42 msec, peer dispersion is 0.00 msec
loopfilter state is 'NSET' (Never set), drift is 0.000000000 s/s
system poll interval is 8, never updated.

BR2#show ntp associations

  address         ref clock       st   when   poll reach  delay  offset   disp
 ~203.0.113.1     .INIT.          16      6     64     0  0.000   0.000 15937.
 * sys.peer, # selected, + candidate, - outlyer, x falseticker, ~ configured

BR2#show snmp
Contact: admin@lab.local
Location: EVE-NG-LAB
0 SNMP packets input
    0 Bad SNMP version errors
    0 Unknown community name
    0 Illegal operation for community name supplied
    0 Encoding errors
    0 Number of requested variables
    0 Number of altered variables
    0 Get-request PDUs
    0 Get-next PDUs
    0 Set-request PDUs
    0 Input queue packet drops (Maximum queue size 1000)
0 SNMP packets output
    0 Too big errors (Maximum packet size 1500)
    0 No such name errors
    0 Bad values errors
    0 General errors
    0 Response PDUs
    0 Trap PDUs
SNMP Dispatcher:
   queue 0/75 (current/max), 0 dropped
SNMP Engine:
   queue 0/1000 (current/max), 0 dropped

SNMP logging: disabled

BR2#show cdp neighbors detail
-------------------------
Device ID: BR1.lab.local
Entry address(es):
  IP address: 10.0.0.9
Platform: Cisco ,  Capabilities: Router Source-Route-Bridge
Interface: GigabitEthernet0/2,  Port ID (outgoing port): GigabitEthernet0/2
Holdtime : 168 sec

Version :
Cisco IOS Software, IOSv Software (VIOS-ADVENTERPRISEK9-M), Version 15.6(2)T, RELEASE SOFTWARE (fc2)
Technical Support: http://www.cisco.com/techsupport
Copyright (c) 1986-2016 by Cisco Systems, Inc.
Compiled Tue 22-Mar-16 16:19 by prod_rel_team

advertisement version: 2
Duplex: half
Management address(es):
  IP address: 10.0.0.9

-------------------------
Device ID: CORE1.lab.local
Entry address(es):
  IP address: 10.0.0.14
Platform: Cisco ,  Capabilities: Router Switch IGMP
Interface: GigabitEthernet0/1,  Port ID (outgoing port): GigabitEthernet0/1
Holdtime : 166 sec

Version :
Cisco IOS Software, vios_l2 Software (vios_l2-ADVENTERPRISEK9-M), Version 15.2(4.0.55)E, TEST ENGINEERING ESTG_WEEKLY BUILD, synced to  END_OF_FLO_ISP
Technical Support: http://www.cisco.com/techsupport
Copyright (c) 1986-2015 by Cisco Systems, Inc.
Compiled Tue 28-Jul-15 18:52 by sasyamal

advertisement version: 2
VTP Management Domain: ''
Duplex: half
Management address(es):
  IP address: 10.0.0.14

-------------------------
Device ID: CORE2.lab.local
Entry address(es):
  IP address: 10.0.0.5
Platform: Cisco ,  Capabilities: Router Switch IGMP
Interface: GigabitEthernet0/0,  Port ID (outgoing port): GigabitEthernet0/0
Holdtime : 149 sec

Version :
Cisco IOS Software, vios_l2 Software (vios_l2-ADVENTERPRISEK9-M), Version 15.2(4.0.55)E, TEST ENGINEERING ESTG_WEEKLY BUILD, synced to  END_OF_FLO_ISP
Technical Support: http://www.cisco.com/techsupport
Copyright (c) 1986-2015 by Cisco Systems, Inc.
Compiled Tue 28-Jul-15 18:52 by sasyamal

advertisement version: 2
VTP Management Domain: ''
Duplex: half
Management address(es):
  IP address: 10.0.0.5

-------------------------
Device ID: ISP
Entry address(es):
  IP address: 203.0.113.5
Platform: Cisco ,  Capabilities: Router Source-Route-Bridge
Interface: GigabitEthernet0/3,  Port ID (outgoing port): GigabitEthernet0/1
Holdtime : 125 sec

Version :
Cisco IOS Software, IOSv Software (VIOS-ADVENTERPRISEK9-M), Version 15.6(2)T, RELEASE SOFTWARE (fc2)
Technical Support: http://www.cisco.com/techsupport
Copyright (c) 1986-2016 by Cisco Systems, Inc.
Compiled Tue 22-Mar-16 16:19 by prod_rel_team

advertisement version: 2
Management address(es):
  IP address: 203.0.113.5


Total cdp entries displayed : 4
BR2#show lldp neighbors detail
------------------------------------------------
Local Intf: Gi0/3
Chassis id: 5000.0003.0000
Port id: Gi0/1
Port Description: ISP-to-BR2
System Name: ISP

System Description:
Cisco IOS Software, IOSv Software (VIOS-ADVENTERPRISEK9-M), Version 15.6(2)T, RELEASE SOFTWARE (fc2)
Technical Support: http://www.cisco.com/techsupport
Copyright (c) 1986-2016 by Cisco Systems, Inc.
Compiled Tue 22-Mar-16 16:19 by prod_rel_team

Time remaining: 102 seconds
System Capabilities: B,R
Enabled Capabilities: R
Management Addresses:
    IP: 203.0.113.5
Auto Negotiation - not supported
Physical media capabilities - not advertised
Media Attachment Unit type - not advertised
Vlan ID: - not advertised

------------------------------------------------
Local Intf: Gi0/2
Chassis id: 5000.0001.0000
Port id: Gi0/2
Port Description: BR1-to-BR2
System Name: BR1.lab.local

System Description:
Cisco IOS Software, IOSv Software (VIOS-ADVENTERPRISEK9-M), Version 15.6(2)T, RELEASE SOFTWARE (fc2)
Technical Support: http://www.cisco.com/techsupport
Copyright (c) 1986-2016 by Cisco Systems, Inc.
Compiled Tue 22-Mar-16 16:19 by prod_rel_team

Time remaining: 96 seconds
System Capabilities: B,R
Enabled Capabilities: R
Management Addresses:
    IP: 10.0.0.9
Auto Negotiation - not supported
Physical media capabilities - not advertised
Media Attachment Unit type - not advertised
Vlan ID: - not advertised

------------------------------------------------
Local Intf: Gi0/1
Chassis id: 5000.0010.0000
Port id: Gi0/1
Port Description: CORE1-to-BR2
System Name: CORE1.lab.local

System Description:
Cisco IOS Software, vios_l2 Software (vios_l2-ADVENTERPRISEK9-M), Version 15.2(4.0.55)E, TEST ENGINEERING ESTG_WEEKLY BUILD, synced to  END_OF_FLO_ISP
Technical Support: http://www.cisco.com/techsupport
Copyright (c) 1986-2015 by Cisco Systems, Inc.
Compi

Time remaining: 95 seconds
System Capabilities: B,R
Enabled Capabilities: R
Management Addresses:
    IP: 10.0.0.14
Auto Negotiation - not supported
Physical media capabilities - not advertised
Media Attachment Unit type - not advertised
Vlan ID: - not advertised

------------------------------------------------
Local Intf: Gi0/0
Chassis id: 5000.0011.0000
Port id: Gi0/0
Port Description: CORE2-to-BR2
System Name: CORE2.lab.local

System Description:
Cisco IOS Software, vios_l2 Software (vios_l2-ADVENTERPRISEK9-M), Version 15.2(4.0.55)E, TEST ENGINEERING ESTG_WEEKLY BUILD, synced to  END_OF_FLO_ISP
Technical Support: http://www.cisco.com/techsupport
Copyright (c) 1986-2015 by Cisco Systems, Inc.
Compi

Time remaining: 103 seconds
System Capabilities: B,R
Enabled Capabilities: R
Management Addresses:
    IP: 10.0.0.5
Auto Negotiation - not supported
Physical media capabilities - not advertised
Media Attachment Unit type - not advertised
Vlan ID: - not advertised


Total entries displayed: 4
